# twin .ci/scripts/housekeeping/cleanup-stale-d1.sh blob a068b60df3b7ecb2cc6bc3becc3ca089a52445ee
exit: 0
--- stdout ---
--- stderr ---
→ Listing D1 databases...
✓ Found 2 total D1 databases
✓ Cutoff: 2026-09-21T08:45:12 (databases older than 60m)
→ Found 2 stale database(s)
⚠ DRY-RUN mode: no deletions will be performed
⚠ [DRY-RUN] Would delete: migration-test-a
⚠ [DRY-RUN] Would delete: migration-test-b
✓ Would delete 2 of 2 stale databases
--- calls ---
npx	wrangler	d1	list	--json
