# twin .ci/scripts/ci/profiler/panel.sh blob 7c1e340f56711c529ad241bbe2345d12083c81e7
exit: 0
--- stdout ---
::warning::profiler: no sample file at <work>/nope.tsv (sampler died)
--- stderr ---
--- summary ---

## Runner Profile

**Samples:** none - no sample file was produced.
**Reason:** sampler died

> No profile was collected. Nothing about this job's CPU or memory
> footprint can be concluded from this run.


