# twin .ci/scripts/release/validate-stage-artifacts.sh blob 372e8680000449427b7d32653947b4495e985073
exit: 1
--- stdout ---
::error::VACUOUS: No CLI artifacts found under dist/cli
::error::No Linux packages found
::error::Expected at least 2 DEB packages, found 0
::error::Expected at least 2 RPM packages, found 0
::error::Expected at least 2 APK packages, found 0
::error::Expected at least 2 Archlinux packages, found 0
::notice::Channel is empty for event 'schedule', so no package-repository metadata was built; skipping the APT/RPM metadata assertions.
--- stderr ---
--- step-summary ---
## Stage Artifacts Results

| Artifact | Count/Size |
|----------|------------|
| CLI artifacts | 0 files |
| Linux packages | 0 files (deb:0 rpm:0 apk:0 arch:0) |
| Pages bundle | N/A |
| APT metadata | 0 files |
| RPM metadata | 0 files |

**Version:** v9.9.9
**Channel:** 

> **APT/RPM metadata assertions skipped.** This run has no release channel (event: `schedule`), so cd-stage.yml did not build package repositories. Every other artifact assertion above still applied.

**Status:** Validation FAILED
