# twin .ci/scripts/infra/wait-for-vm-ssh.sh blob d9697b5163e00d7e17dfc0d3e3a619fe9b98543c
exit: 1
--- stdout ---
--- stderr ---
/home/developer/console/.ci/scripts/infra/wait-for-vm-ssh.sh: line 36: VM_NET_BASE: pass VM addresses as arguments, or set VM_NET_BASE
--- calls ---
--- known hosts ---
<absent>
