# twin .ci/scripts/infra/docker-prepull.sh blob baa2ba0d1ea50f42961565454fcd2650c7a3c6a1
exit: 1
--- stdout ---
--- stderr ---
⚠ Pull failed for  linux/amd64, retrying in 30s...
⚠ Pull failed for  linux/amd64, retrying in 60s...
✗ Failed to pull  linux/amd64 after 3 attempts
✗ One or more base images could not be pulled
--- docker calls ---
docker	pull	--platform	linux/amd64	
sleep	30
docker	pull	--platform	linux/amd64	
sleep	60
docker	pull	--platform	linux/amd64	
