# twin .ci/scripts/quality/check-label-references.sh blob 5ff6c3d3873b3f6d81d427f7b7fb3c8502628483
exit: 1
--- stdout ---
--- stderr ---
✗ label 'solo-alpha' is referenced by code but not declared in fx/labels.yml (sites: fx/scan/a.yml )
✗ label 'solo-bravo' is referenced by code but not declared in fx/labels.yml (sites: fx/scan/b.js )
✗ 2 undeclared label reference(s). Declare them in fx/labels.yml and create them live with 'gh label create' if absent.
