# twin .ci/docker/run-in-render.sh blob 1be170a744cfe03f2e4b1fc252561141ac1da556
exit: 5
--- stdout ---
[fake docker] build
--- stderr ---
building rediacc/render:local (first run only)
[fake docker] building
--- trace ---
docker cwd=<root> argv=image inspect rediacc/render:local
docker cwd=<root> argv=build -t rediacc/render:local <root>/.ci/docker/render
docker build-context-dockerfile=<sha256>
