# twin .ci/scripts/autopilot/post-escalation.sh blob 0daa71414af2093fd5d4bb7477014a0f7a103a83
exit: 0
--- stdout ---
### Autopilot escalation: the round could not proceed

The loop is latched; clear the `autopilot-blocked` label to resume.

café ✓ theory
--- stderr ---
✓ dry-run: would comment on PR #42 and apply autopilot-blocked
--- gh calls ---
--- body ---
<absent>
