# twin .ci/scripts/autopilot/post-escalation.sh blob 0daa71414af2093fd5d4bb7477014a0f7a103a83
exit: 2
--- stdout ---
--- stderr ---
✗ usage: post-escalation.sh --pr <n> --repo <owner/name> --title <text> [--verdict <file>] [--reason <text>] [--steps <k=v,...>] [--run-url <url>] [--round <r>] [--no-label]
--- gh calls ---
--- body ---
<absent>
