# twin .ci/scripts/docker/retag-image.sh blob 5e261ceb531187621d6d95f32216a71516ae4d9d
exit: 1
--- stdout ---

--- stderr ---
→ Re-tagging api: a -> b
✓ [DRY-RUN] Verifying source image: ghcr.io/rediacc/api:a
ERROR: failed to create manifest list: unauthorized
✗ [DRY-RUN] Failed to inspect source image: ghcr.io/rediacc/api:a
✓ Re-tag summary: 0 succeeded, 1 failed
--- calls ---
docker	buildx	imagetools	inspect	ghcr.io/rediacc/api:a
