# twin .ci/scripts/docker/retag-image.sh blob 5e261ceb531187621d6d95f32216a71516ae4d9d
exit: 1
--- stdout ---

--- stderr ---
→ Re-tagging api: a -> b
<root>/<SELF>: line 172: docker: command not found
✗ Failed to re-tag ghcr.io/rediacc/api:a -> ghcr.io/rediacc/api:b
✓ Re-tag summary: 0 succeeded, 1 failed
--- calls ---
