# twin .ci/scripts/quality/check-resolved-threads.sh blob 19a5839d4715dd5e8a8ac152d6c11d87ac09e868
exit: 0
--- stdout ---

--- stderr ---
→ Checking review threads and review status...
→ Fetching review threads via GraphQL...
→ Checking review status...
✓ Review status: OK
✓ All 1 review thread(s) are resolved
✓ No pending 'Changes Requested' reviews
