# twin .ci/scripts/version/bump.sh blob e4eed15537be0392ec9ccbdf416afc83ca4a74ce
exit: 0
--- stdout ---
1.2.3
--- stderr ---
✓ Current version: 0.4.29
→ Updating to version: 1.2.3
✓ [DRY-RUN] Would update <tree>/packages/cli/package.json to 1.2.3
✓ [DRY-RUN] Would update 1 files
--- tree ---
{
  "out.txt": null,
  "package.json": [
    "{\n  \"name\": \"console\",\n  \"version\": \"0.4.29\",\n  \"private\": true,\n  \"scripts\": {\n    \"build\": \"tsc\"\n  },\n  \"engines\": {\n    \"node\": \">=22.13.0\"\n  }\n}\n",
    "0o644"
  ],
  "packages/cli/package.json": [
    "{\n  \"name\": \"@rediacc/cli\",\n  \"version\": \"0.4.29\",\n  \"private\": true,\n  \"scripts\": {\n    \"build\": \"tsc\"\n  },\n  \"engines\": {\n    \"node\": \">=22.13.0\"\n  }\n}\n",
    "0o644"
  ]
}
