# twin .ci/scripts/version/bump.sh blob e4eed15537be0392ec9ccbdf416afc83ca4a74ce
exit: 1
--- stdout ---
--- stderr ---
✓ Current version: 0.0.0-dev
<tree>/.ci/scripts/version/bump.sh: line 126: dev: unbound variable
--- tree ---
{
  "out.txt": null,
  "package.json": [
    "{\n  \"name\": \"console\",\n  \"version\": \"0.0.0-dev\",\n  \"private\": true,\n  \"scripts\": {\n    \"build\": \"tsc\"\n  },\n  \"engines\": {\n    \"node\": \">=22.13.0\"\n  }\n}\n",
    "0o644"
  ],
  "packages/cli/package.json": [
    "{\n  \"name\": \"@rediacc/cli\",\n  \"version\": \"0.4.29\",\n  \"private\": true,\n  \"scripts\": {\n    \"build\": \"tsc\"\n  },\n  \"engines\": {\n    \"node\": \">=22.13.0\"\n  }\n}\n",
    "0o644"
  ]
}
