# twin .ci/scripts/docker/cleanup-staging.sh blob 86b359d6b2224d0e347315083323debfd2b8d0da
exit: 0
--- stdout ---

DELETE-ACCEPTED
DELETE-ACCEPTED

--- stderr ---
→ Cleaning up staging tags: staging-abc
→ Deleting staging tag for renet: staging-abc
✓ Deleted staging tag: ghcr.io/rediacc/renet:staging-abc
→ Deleting staging tag for rdc: staging-abc
✓ Deleted staging tag: ghcr.io/rediacc/rdc:staging-abc
✓ Cleanup summary: 2 succeeded
--- calls ---
gh	api	/orgs/rediacc/packages/container/renet/versions	--paginate
gh	api	-X	DELETE	/orgs/rediacc/packages/container/renet/versions/111
gh	api	/orgs/rediacc/packages/container/rdc/versions	--paginate
gh	api	-X	DELETE	/orgs/rediacc/packages/container/rdc/versions/111
