# twin .ci/scripts/autopilot/resolve-model-args.sh blob c77054b040287f6ad2c8420ef1aa0aa91de2170d
exit: 0
--- stdout ---
::notice::autopilot: dispatch effort 'banana' is not one of low,medium,high,xhigh,max; ignoring it
--model m
--max-turns 80
--disallowed-tools Task,Agent
--effort max
--- stderr ---
✓ round args: model m, 80 turns, effort max (from the AUTOPILOT_EFFORT variable)
--- github output ---
args<<AUTOPILOT_ARGS_EOF
--model m
--max-turns 80
--disallowed-tools Task,Agent
--effort max
AUTOPILOT_ARGS_EOF

