# twin .ci/scripts/autopilot/resolve-model-args.sh blob c77054b040287f6ad2c8420ef1aa0aa91de2170d
exit: 0
--- stdout ---
::notice::autopilot: dispatch effort 'banana' is not one of low,medium,high,xhigh,max; ignoring it
--model claude-opus-5
--max-turns 80
--disallowed-tools Task,Agent
--- stderr ---
✓ round args: model claude-opus-5, 80 turns, the model's default effort
--- github output ---
args<<AUTOPILOT_ARGS_EOF
--model claude-opus-5
--max-turns 80
--disallowed-tools Task,Agent
AUTOPILOT_ARGS_EOF

