# twin scripts/ops/build-server.sh blob 8869c152c26924da7feaa0f86a3ffdd9bd75abf4
exit: 7
--- stdout ---
==> Staging build context...
==> Building packages/www...
--- stderr ---
--- calls ---
CALL npm	run	build
--- staged ---
binaries/renet-linux-amd64	renet-amd64
binaries/renet-linux-arm64	renet-arm64
