# twin scripts/ops/build-server.sh blob 8869c152c26924da7feaa0f86a3ffdd9bd75abf4
exit: 1
--- stdout ---
==> Staging build context...
==> Packing CLI tarball...
--- stderr ---
error: npm pack produced no rediacc-cli-*.tgz
--- calls ---
CALL npm	pack	--pack-destination	<root>/cli-npm
--- staged ---
binaries/renet-linux-amd64	renet-amd64
binaries/renet-linux-arm64	renet-arm64
www-assets/index.html	www-index
account-web-assets/index.html	portal-index
