# twin .ci/scripts/autopilot/fetch-review-threads.sh blob 2ddcd0454923bbb1e69b199b6d95fc259c4e70ed
exit: 1
--- stdout ---
--- stderr ---
✗ review-thread pagination did not terminate after 51 pages; failing closed
✗ cannot fetch review threads for the console PR; failing closed
--- gh calls ---
["api", "graphql", "-f", "query=\nquery($owner: String!, $repo: String!, $pr: Int!, $after: String) {\n  repository(owner: $owner, name: $repo) {\n    pullRequest(number: $pr) {\n      reviewThreads(first: 100, after: $after) {\n        pageInfo { hasNextPage endCursor }\n        nodes {\n          id\n          isResolved\n          isOutdated\n          path\n          line\n          comments(first: 20) {\n            nodes {\n              databaseId\n              body\n              author { login }\n            }\n          }\n        }\n      }\n    }\n  }\n}", "-f", "owner=acme", "-f", "repo=console", "-F", "pr=31"]
["api", "graphql", "-f", "query=\nquery($owner: String!, $repo: String!, $pr: Int!, $after: String) {\n  repository(owner: $owner, name: $repo) {\n    pullRequest(number: $pr) {\n      reviewThreads(first: 100, after: $after) {\n        pageInfo { hasNextPage endCursor }\n        nodes {\n          id\n          isResolved\n          isOutdated\n          path\n          line\n          comments(first: 20) {\n            nodes {\n              databaseId\n              body\n              author { login }\n            }\n          }\n        }\n      }\n    }\n  }\n}", "-f", "owner=acme", "-f", "repo=console", "-F", "pr=31", "-f", "after=CUR0"]
["api", "graphql", "-f", "query=\nquery($owner: String!, $repo: String!, $pr: Int!, $after: String) {\n  repository(owner: $owner, name: $repo) {\n    pullRequest(number: $pr) {\n      reviewThreads(first: 100, after: $after) {\n        pageInfo { hasNextPage endCursor }\n        nodes {\n          id\n          isResolved\n          isOutdated\n          path\n          line\n          comments(first: 20) {\n            nodes {\n              databaseId\n              body\n              author { login }\n            }\n          }\n        }\n      }\n    }\n  }\n}", "-f", "owner=acme", "-f", "repo=console", "-F", "pr=31", "-f", "after=CUR1"]
["api", "graphql", "-f", "query=\nquery($owner: String!, $repo: String!, $pr: Int!, $after: String) {\n  repository(owner: $owner, name: $repo) {\n    pullRequest(number: $pr) {\n      reviewThreads(first: 100, after: $after) {\n        pageInfo { hasNextPage endCursor }\n        nodes {\n          id\n          isResolved\n          isOutdated\n          path\n          line\n          comments(first: 20) {\n            nodes {\n              databaseId\n              body\n              author { login }\n            }\n          }\n        }\n      }\n    }\n  }\n}", "-f", "owner=acme", "-f", "repo=console", "-F", "pr=31", "-f", "after=CUR2"]
["api", "graphql", "-f", "query=\nquery($owner: String!, $repo: String!, $pr: Int!, $after: String) {\n  repository(owner: $owner, name: $repo) {\n    pullRequest(number: $pr) {\n      reviewThreads(first: 100, after: $after) {\n        pageInfo { hasNextPage endCursor }\n        nodes {\n          id\n          isResolved\n          isOutdated\n          path\n          line\n          comments(first: 20) {\n            nodes {\n              databaseId\n              body\n              author { login }\n            }\n          }\n        }\n      }\n    }\n  }\n}", "-f", "owner=acme", "-f", "repo=console", "-F", "pr=31", "-f", "after=CUR3"]
["api", "graphql", "-f", "query=\nquery($owner: String!, $repo: String!, $pr: Int!, $after: String) {\n  repository(owner: $owner, name: $repo) {\n    pullRequest(number: $pr) {\n      reviewThreads(first: 100, after: $after) {\n        pageInfo { hasNextPage endCursor }\n        nodes {\n          id\n          isResolved\n          isOutdated\n          path\n          line\n          comments(first: 20) {\n            nodes {\n              databaseId\n              body\n              author { login }\n            }\n          }\n        }\n      }\n    }\n  }\n}", "-f", "owner=acme", "-f", "repo=console", "-F", "pr=31", "-f", "after=CUR4"]
["api", "graphql", "-f", "query=\nquery($owner: String!, $repo: String!, $pr: Int!, $after: String) {\n  repository(owner: $owner, name: $repo) {\n    pullRequest(number: $pr) {\n      reviewThreads(first: 100, after: $after) {\n        pageInfo { hasNextPage endCursor }\n        nodes {\n          id\n          isResolved\n          isOutdated\n          path\n          line\n          comments(first: 20) {\n            nodes {\n              databaseId\n              body\n              author { login }\n            }\n          }\n        }\n      }\n    }\n  }\n}", "-f", "owner=acme", "-f", "repo=console", "-F", "pr=31", "-f", "after=CUR5"]
["api", "graphql", "-f", "query=\nquery($owner: String!, $repo: String!, $pr: Int!, $after: String) {\n  repository(owner: $owner, name: $repo) {\n    pullRequest(number: $pr) {\n      reviewThreads(first: 100, after: $after) {\n        pageInfo { hasNextPage endCursor }\n        nodes {\n          id\n          isResolved\n          isOutdated\n          path\n          line\n          comments(first: 20) {\n            nodes {\n              databaseId\n              body\n              author { login }\n            }\n          }\n        }\n      }\n    }\n  }\n}", "-f", "owner=acme", "-f", "repo=console", "-F", "pr=31", "-f", "after=CUR6"]
["api", "graphql", "-f", "query=\nquery($owner: String!, $repo: String!, $pr: Int!, $after: String) {\n  repository(owner: $owner, name: $repo) {\n    pullRequest(number: $pr) {\n      reviewThreads(first: 100, after: $after) {\n        pageInfo { hasNextPage endCursor }\n        nodes {\n          id\n          isResolved\n          isOutdated\n          path\n          line\n          comments(first: 20) {\n            nodes {\n              databaseId\n              body\n              author { login }\n            }\n          }\n        }\n      }\n    }\n  }\n}", "-f", "owner=acme", "-f", "repo=console", "-F", "pr=31", "-f", "after=CUR7"]
["api", "graphql", "-f", "query=\nquery($owner: String!, $repo: String!, $pr: Int!, $after: String) {\n  repository(owner: $owner, name: $repo) {\n    pullRequest(number: $pr) {\n      reviewThreads(first: 100, after: $after) {\n        pageInfo { hasNextPage endCursor }\n        nodes {\n          id\n          isResolved\n          isOutdated\n          path\n          line\n          comments(first: 20) {\n            nodes {\n              databaseId\n              body\n              author { login }\n            }\n          }\n        }\n      }\n    }\n  }\n}", "-f", "owner=acme", "-f", "repo=console", "-F", "pr=31", "-f", "after=CUR8"]
["api", "graphql", "-f", "query=\nquery($owner: String!, $repo: String!, $pr: Int!, $after: String) {\n  repository(owner: $owner, name: $repo) {\n    pullRequest(number: $pr) {\n      reviewThreads(first: 100, after: $after) {\n        pageInfo { hasNextPage endCursor }\n        nodes {\n          id\n          isResolved\n          isOutdated\n          path\n          line\n          comments(first: 20) {\n            nodes {\n              databaseId\n              body\n              author { login }\n            }\n          }\n        }\n      }\n    }\n  }\n}", "-f", "owner=acme", "-f", "repo=console", "-F", "pr=31", "-f", "after=CUR9"]
["api", "graphql", "-f", "query=\nquery($owner: String!, $repo: String!, $pr: Int!, $after: String) {\n  repository(owner: $owner, name: $repo) {\n    pullRequest(number: $pr) {\n      reviewThreads(first: 100, after: $after) {\n        pageInfo { hasNextPage endCursor }\n        nodes {\n          id\n          isResolved\n          isOutdated\n          path\n          line\n          comments(first: 20) {\n            nodes {\n              databaseId\n              body\n              author { login }\n            }\n          }\n        }\n      }\n    }\n  }\n}", "-f", "owner=acme", "-f", "repo=console", "-F", "pr=31", "-f", "after=CUR10"]
["api", "graphql", "-f", "query=\nquery($owner: String!, $repo: String!, $pr: Int!, $after: String) {\n  repository(owner: $owner, name: $repo) {\n    pullRequest(number: $pr) {\n      reviewThreads(first: 100, after: $after) {\n        pageInfo { hasNextPage endCursor }\n        nodes {\n          id\n          isResolved\n          isOutdated\n          path\n          line\n          comments(first: 20) {\n            nodes {\n              databaseId\n              body\n              author { login }\n            }\n          }\n        }\n      }\n    }\n  }\n}", "-f", "owner=acme", "-f", "repo=console", "-F", "pr=31", "-f", "after=CUR11"]
["api", "graphql", "-f", "query=\nquery($owner: String!, $repo: String!, $pr: Int!, $after: String) {\n  repository(owner: $owner, name: $repo) {\n    pullRequest(number: $pr) {\n      reviewThreads(first: 100, after: $after) {\n        pageInfo { hasNextPage endCursor }\n        nodes {\n          id\n          isResolved\n          isOutdated\n          path\n          line\n          comments(first: 20) {\n            nodes {\n              databaseId\n              body\n              author { login }\n            }\n          }\n        }\n      }\n    }\n  }\n}", "-f", "owner=acme", "-f", "repo=console", "-F", "pr=31", "-f", "after=CUR12"]
["api", "graphql", "-f", "query=\nquery($owner: String!, $repo: String!, $pr: Int!, $after: String) {\n  repository(owner: $owner, name: $repo) {\n    pullRequest(number: $pr) {\n      reviewThreads(first: 100, after: $after) {\n        pageInfo { hasNextPage endCursor }\n        nodes {\n          id\n          isResolved\n          isOutdated\n          path\n          line\n          comments(first: 20) {\n            nodes {\n              databaseId\n              body\n              author { login }\n            }\n          }\n        }\n      }\n    }\n  }\n}", "-f", "owner=acme", "-f", "repo=console", "-F", "pr=31", "-f", "after=CUR13"]
["api", "graphql", "-f", "query=\nquery($owner: String!, $repo: String!, $pr: Int!, $after: String) {\n  repository(owner: $owner, name: $repo) {\n    pullRequest(number: $pr) {\n      reviewThreads(first: 100, after: $after) {\n        pageInfo { hasNextPage endCursor }\n        nodes {\n          id\n          isResolved\n          isOutdated\n          path\n          line\n          comments(first: 20) {\n            nodes {\n              databaseId\n              body\n              author { login }\n            }\n          }\n        }\n      }\n    }\n  }\n}", "-f", "owner=acme", "-f", "repo=console", "-F", "pr=31", "-f", "after=CUR14"]
["api", "graphql", "-f", "query=\nquery($owner: String!, $repo: String!, $pr: Int!, $after: String) {\n  repository(owner: $owner, name: $repo) {\n    pullRequest(number: $pr) {\n      reviewThreads(first: 100, after: $after) {\n        pageInfo { hasNextPage endCursor }\n        nodes {\n          id\n          isResolved\n          isOutdated\n          path\n          line\n          comments(first: 20) {\n            nodes {\n              databaseId\n              body\n              author { login }\n            }\n          }\n        }\n      }\n    }\n  }\n}", "-f", "owner=acme", "-f", "repo=console", "-F", "pr=31", "-f", "after=CUR15"]
["api", "graphql", "-f", "query=\nquery($owner: String!, $repo: String!, $pr: Int!, $after: String) {\n  repository(owner: $owner, name: $repo) {\n    pullRequest(number: $pr) {\n      reviewThreads(first: 100, after: $after) {\n        pageInfo { hasNextPage endCursor }\n        nodes {\n          id\n          isResolved\n          isOutdated\n          path\n          line\n          comments(first: 20) {\n            nodes {\n              databaseId\n              body\n              author { login }\n            }\n          }\n        }\n      }\n    }\n  }\n}", "-f", "owner=acme", "-f", "repo=console", "-F", "pr=31", "-f", "after=CUR16"]
["api", "graphql", "-f", "query=\nquery($owner: String!, $repo: String!, $pr: Int!, $after: String) {\n  repository(owner: $owner, name: $repo) {\n    pullRequest(number: $pr) {\n      reviewThreads(first: 100, after: $after) {\n        pageInfo { hasNextPage endCursor }\n        nodes {\n          id\n          isResolved\n          isOutdated\n          path\n          line\n          comments(first: 20) {\n            nodes {\n              databaseId\n              body\n              author { login }\n            }\n          }\n        }\n      }\n    }\n  }\n}", "-f", "owner=acme", "-f", "repo=console", "-F", "pr=31", "-f", "after=CUR17"]
["api", "graphql", "-f", "query=\nquery($owner: String!, $repo: String!, $pr: Int!, $after: String) {\n  repository(owner: $owner, name: $repo) {\n    pullRequest(number: $pr) {\n      reviewThreads(first: 100, after: $after) {\n        pageInfo { hasNextPage endCursor }\n        nodes {\n          id\n          isResolved\n          isOutdated\n          path\n          line\n          comments(first: 20) {\n            nodes {\n              databaseId\n              body\n              author { login }\n            }\n          }\n        }\n      }\n    }\n  }\n}", "-f", "owner=acme", "-f", "repo=console", "-F", "pr=31", "-f", "after=CUR18"]
["api", "graphql", "-f", "query=\nquery($owner: String!, $repo: String!, $pr: Int!, $after: String) {\n  repository(owner: $owner, name: $repo) {\n    pullRequest(number: $pr) {\n      reviewThreads(first: 100, after: $after) {\n        pageInfo { hasNextPage endCursor }\n        nodes {\n          id\n          isResolved\n          isOutdated\n          path\n          line\n          comments(first: 20) {\n            nodes {\n              databaseId\n              body\n              author { login }\n            }\n          }\n        }\n      }\n    }\n  }\n}", "-f", "owner=acme", "-f", "repo=console", "-F", "pr=31", "-f", "after=CUR19"]
["api", "graphql", "-f", "query=\nquery($owner: String!, $repo: String!, $pr: Int!, $after: String) {\n  repository(owner: $owner, name: $repo) {\n    pullRequest(number: $pr) {\n      reviewThreads(first: 100, after: $after) {\n        pageInfo { hasNextPage endCursor }\n        nodes {\n          id\n          isResolved\n          isOutdated\n          path\n          line\n          comments(first: 20) {\n            nodes {\n              databaseId\n              body\n              author { login }\n            }\n          }\n        }\n      }\n    }\n  }\n}", "-f", "owner=acme", "-f", "repo=console", "-F", "pr=31", "-f", "after=CUR20"]
["api", "graphql", "-f", "query=\nquery($owner: String!, $repo: String!, $pr: Int!, $after: String) {\n  repository(owner: $owner, name: $repo) {\n    pullRequest(number: $pr) {\n      reviewThreads(first: 100, after: $after) {\n        pageInfo { hasNextPage endCursor }\n        nodes {\n          id\n          isResolved\n          isOutdated\n          path\n          line\n          comments(first: 20) {\n            nodes {\n              databaseId\n              body\n              author { login }\n            }\n          }\n        }\n      }\n    }\n  }\n}", "-f", "owner=acme", "-f", "repo=console", "-F", "pr=31", "-f", "after=CUR21"]
["api", "graphql", "-f", "query=\nquery($owner: String!, $repo: String!, $pr: Int!, $after: String) {\n  repository(owner: $owner, name: $repo) {\n    pullRequest(number: $pr) {\n      reviewThreads(first: 100, after: $after) {\n        pageInfo { hasNextPage endCursor }\n        nodes {\n          id\n          isResolved\n          isOutdated\n          path\n          line\n          comments(first: 20) {\n            nodes {\n              databaseId\n              body\n              author { login }\n            }\n          }\n        }\n      }\n    }\n  }\n}", "-f", "owner=acme", "-f", "repo=console", "-F", "pr=31", "-f", "after=CUR22"]
["api", "graphql", "-f", "query=\nquery($owner: String!, $repo: String!, $pr: Int!, $after: String) {\n  repository(owner: $owner, name: $repo) {\n    pullRequest(number: $pr) {\n      reviewThreads(first: 100, after: $after) {\n        pageInfo { hasNextPage endCursor }\n        nodes {\n          id\n          isResolved\n          isOutdated\n          path\n          line\n          comments(first: 20) {\n            nodes {\n              databaseId\n              body\n              author { login }\n            }\n          }\n        }\n      }\n    }\n  }\n}", "-f", "owner=acme", "-f", "repo=console", "-F", "pr=31", "-f", "after=CUR23"]
["api", "graphql", "-f", "query=\nquery($owner: String!, $repo: String!, $pr: Int!, $after: String) {\n  repository(owner: $owner, name: $repo) {\n    pullRequest(number: $pr) {\n      reviewThreads(first: 100, after: $after) {\n        pageInfo { hasNextPage endCursor }\n        nodes {\n          id\n          isResolved\n          isOutdated\n          path\n          line\n          comments(first: 20) {\n            nodes {\n              databaseId\n              body\n              author { login }\n            }\n          }\n        }\n      }\n    }\n  }\n}", "-f", "owner=acme", "-f", "repo=console", "-F", "pr=31", "-f", "after=CUR24"]
["api", "graphql", "-f", "query=\nquery($owner: String!, $repo: String!, $pr: Int!, $after: String) {\n  repository(owner: $owner, name: $repo) {\n    pullRequest(number: $pr) {\n      reviewThreads(first: 100, after: $after) {\n        pageInfo { hasNextPage endCursor }\n        nodes {\n          id\n          isResolved\n          isOutdated\n          path\n          line\n          comments(first: 20) {\n            nodes {\n              databaseId\n              body\n              author { login }\n            }\n          }\n        }\n      }\n    }\n  }\n}", "-f", "owner=acme", "-f", "repo=console", "-F", "pr=31", "-f", "after=CUR25"]
["api", "graphql", "-f", "query=\nquery($owner: String!, $repo: String!, $pr: Int!, $after: String) {\n  repository(owner: $owner, name: $repo) {\n    pullRequest(number: $pr) {\n      reviewThreads(first: 100, after: $after) {\n        pageInfo { hasNextPage endCursor }\n        nodes {\n          id\n          isResolved\n          isOutdated\n          path\n          line\n          comments(first: 20) {\n            nodes {\n              databaseId\n              body\n              author { login }\n            }\n          }\n        }\n      }\n    }\n  }\n}", "-f", "owner=acme", "-f", "repo=console", "-F", "pr=31", "-f", "after=CUR26"]
["api", "graphql", "-f", "query=\nquery($owner: String!, $repo: String!, $pr: Int!, $after: String) {\n  repository(owner: $owner, name: $repo) {\n    pullRequest(number: $pr) {\n      reviewThreads(first: 100, after: $after) {\n        pageInfo { hasNextPage endCursor }\n        nodes {\n          id\n          isResolved\n          isOutdated\n          path\n          line\n          comments(first: 20) {\n            nodes {\n              databaseId\n              body\n              author { login }\n            }\n          }\n        }\n      }\n    }\n  }\n}", "-f", "owner=acme", "-f", "repo=console", "-F", "pr=31", "-f", "after=CUR27"]
["api", "graphql", "-f", "query=\nquery($owner: String!, $repo: String!, $pr: Int!, $after: String) {\n  repository(owner: $owner, name: $repo) {\n    pullRequest(number: $pr) {\n      reviewThreads(first: 100, after: $after) {\n        pageInfo { hasNextPage endCursor }\n        nodes {\n          id\n          isResolved\n          isOutdated\n          path\n          line\n          comments(first: 20) {\n            nodes {\n              databaseId\n              body\n              author { login }\n            }\n          }\n        }\n      }\n    }\n  }\n}", "-f", "owner=acme", "-f", "repo=console", "-F", "pr=31", "-f", "after=CUR28"]
["api", "graphql", "-f", "query=\nquery($owner: String!, $repo: String!, $pr: Int!, $after: String) {\n  repository(owner: $owner, name: $repo) {\n    pullRequest(number: $pr) {\n      reviewThreads(first: 100, after: $after) {\n        pageInfo { hasNextPage endCursor }\n        nodes {\n          id\n          isResolved\n          isOutdated\n          path\n          line\n          comments(first: 20) {\n            nodes {\n              databaseId\n              body\n              author { login }\n            }\n          }\n        }\n      }\n    }\n  }\n}", "-f", "owner=acme", "-f", "repo=console", "-F", "pr=31", "-f", "after=CUR29"]
["api", "graphql", "-f", "query=\nquery($owner: String!, $repo: String!, $pr: Int!, $after: String) {\n  repository(owner: $owner, name: $repo) {\n    pullRequest(number: $pr) {\n      reviewThreads(first: 100, after: $after) {\n        pageInfo { hasNextPage endCursor }\n        nodes {\n          id\n          isResolved\n          isOutdated\n          path\n          line\n          comments(first: 20) {\n            nodes {\n              databaseId\n              body\n              author { login }\n            }\n          }\n        }\n      }\n    }\n  }\n}", "-f", "owner=acme", "-f", "repo=console", "-F", "pr=31", "-f", "after=CUR30"]
["api", "graphql", "-f", "query=\nquery($owner: String!, $repo: String!, $pr: Int!, $after: String) {\n  repository(owner: $owner, name: $repo) {\n    pullRequest(number: $pr) {\n      reviewThreads(first: 100, after: $after) {\n        pageInfo { hasNextPage endCursor }\n        nodes {\n          id\n          isResolved\n          isOutdated\n          path\n          line\n          comments(first: 20) {\n            nodes {\n              databaseId\n              body\n              author { login }\n            }\n          }\n        }\n      }\n    }\n  }\n}", "-f", "owner=acme", "-f", "repo=console", "-F", "pr=31", "-f", "after=CUR31"]
["api", "graphql", "-f", "query=\nquery($owner: String!, $repo: String!, $pr: Int!, $after: String) {\n  repository(owner: $owner, name: $repo) {\n    pullRequest(number: $pr) {\n      reviewThreads(first: 100, after: $after) {\n        pageInfo { hasNextPage endCursor }\n        nodes {\n          id\n          isResolved\n          isOutdated\n          path\n          line\n          comments(first: 20) {\n            nodes {\n              databaseId\n              body\n              author { login }\n            }\n          }\n        }\n      }\n    }\n  }\n}", "-f", "owner=acme", "-f", "repo=console", "-F", "pr=31", "-f", "after=CUR32"]
["api", "graphql", "-f", "query=\nquery($owner: String!, $repo: String!, $pr: Int!, $after: String) {\n  repository(owner: $owner, name: $repo) {\n    pullRequest(number: $pr) {\n      reviewThreads(first: 100, after: $after) {\n        pageInfo { hasNextPage endCursor }\n        nodes {\n          id\n          isResolved\n          isOutdated\n          path\n          line\n          comments(first: 20) {\n            nodes {\n              databaseId\n              body\n              author { login }\n            }\n          }\n        }\n      }\n    }\n  }\n}", "-f", "owner=acme", "-f", "repo=console", "-F", "pr=31", "-f", "after=CUR33"]
["api", "graphql", "-f", "query=\nquery($owner: String!, $repo: String!, $pr: Int!, $after: String) {\n  repository(owner: $owner, name: $repo) {\n    pullRequest(number: $pr) {\n      reviewThreads(first: 100, after: $after) {\n        pageInfo { hasNextPage endCursor }\n        nodes {\n          id\n          isResolved\n          isOutdated\n          path\n          line\n          comments(first: 20) {\n            nodes {\n              databaseId\n              body\n              author { login }\n            }\n          }\n        }\n      }\n    }\n  }\n}", "-f", "owner=acme", "-f", "repo=console", "-F", "pr=31", "-f", "after=CUR34"]
["api", "graphql", "-f", "query=\nquery($owner: String!, $repo: String!, $pr: Int!, $after: String) {\n  repository(owner: $owner, name: $repo) {\n    pullRequest(number: $pr) {\n      reviewThreads(first: 100, after: $after) {\n        pageInfo { hasNextPage endCursor }\n        nodes {\n          id\n          isResolved\n          isOutdated\n          path\n          line\n          comments(first: 20) {\n            nodes {\n              databaseId\n              body\n              author { login }\n            }\n          }\n        }\n      }\n    }\n  }\n}", "-f", "owner=acme", "-f", "repo=console", "-F", "pr=31", "-f", "after=CUR35"]
["api", "graphql", "-f", "query=\nquery($owner: String!, $repo: String!, $pr: Int!, $after: String) {\n  repository(owner: $owner, name: $repo) {\n    pullRequest(number: $pr) {\n      reviewThreads(first: 100, after: $after) {\n        pageInfo { hasNextPage endCursor }\n        nodes {\n          id\n          isResolved\n          isOutdated\n          path\n          line\n          comments(first: 20) {\n            nodes {\n              databaseId\n              body\n              author { login }\n            }\n          }\n        }\n      }\n    }\n  }\n}", "-f", "owner=acme", "-f", "repo=console", "-F", "pr=31", "-f", "after=CUR36"]
["api", "graphql", "-f", "query=\nquery($owner: String!, $repo: String!, $pr: Int!, $after: String) {\n  repository(owner: $owner, name: $repo) {\n    pullRequest(number: $pr) {\n      reviewThreads(first: 100, after: $after) {\n        pageInfo { hasNextPage endCursor }\n        nodes {\n          id\n          isResolved\n          isOutdated\n          path\n          line\n          comments(first: 20) {\n            nodes {\n              databaseId\n              body\n              author { login }\n            }\n          }\n        }\n      }\n    }\n  }\n}", "-f", "owner=acme", "-f", "repo=console", "-F", "pr=31", "-f", "after=CUR37"]
["api", "graphql", "-f", "query=\nquery($owner: String!, $repo: String!, $pr: Int!, $after: String) {\n  repository(owner: $owner, name: $repo) {\n    pullRequest(number: $pr) {\n      reviewThreads(first: 100, after: $after) {\n        pageInfo { hasNextPage endCursor }\n        nodes {\n          id\n          isResolved\n          isOutdated\n          path\n          line\n          comments(first: 20) {\n            nodes {\n              databaseId\n              body\n              author { login }\n            }\n          }\n        }\n      }\n    }\n  }\n}", "-f", "owner=acme", "-f", "repo=console", "-F", "pr=31", "-f", "after=CUR38"]
["api", "graphql", "-f", "query=\nquery($owner: String!, $repo: String!, $pr: Int!, $after: String) {\n  repository(owner: $owner, name: $repo) {\n    pullRequest(number: $pr) {\n      reviewThreads(first: 100, after: $after) {\n        pageInfo { hasNextPage endCursor }\n        nodes {\n          id\n          isResolved\n          isOutdated\n          path\n          line\n          comments(first: 20) {\n            nodes {\n              databaseId\n              body\n              author { login }\n            }\n          }\n        }\n      }\n    }\n  }\n}", "-f", "owner=acme", "-f", "repo=console", "-F", "pr=31", "-f", "after=CUR39"]
["api", "graphql", "-f", "query=\nquery($owner: String!, $repo: String!, $pr: Int!, $after: String) {\n  repository(owner: $owner, name: $repo) {\n    pullRequest(number: $pr) {\n      reviewThreads(first: 100, after: $after) {\n        pageInfo { hasNextPage endCursor }\n        nodes {\n          id\n          isResolved\n          isOutdated\n          path\n          line\n          comments(first: 20) {\n            nodes {\n              databaseId\n              body\n              author { login }\n            }\n          }\n        }\n      }\n    }\n  }\n}", "-f", "owner=acme", "-f", "repo=console", "-F", "pr=31", "-f", "after=CUR40"]
["api", "graphql", "-f", "query=\nquery($owner: String!, $repo: String!, $pr: Int!, $after: String) {\n  repository(owner: $owner, name: $repo) {\n    pullRequest(number: $pr) {\n      reviewThreads(first: 100, after: $after) {\n        pageInfo { hasNextPage endCursor }\n        nodes {\n          id\n          isResolved\n          isOutdated\n          path\n          line\n          comments(first: 20) {\n            nodes {\n              databaseId\n              body\n              author { login }\n            }\n          }\n        }\n      }\n    }\n  }\n}", "-f", "owner=acme", "-f", "repo=console", "-F", "pr=31", "-f", "after=CUR41"]
["api", "graphql", "-f", "query=\nquery($owner: String!, $repo: String!, $pr: Int!, $after: String) {\n  repository(owner: $owner, name: $repo) {\n    pullRequest(number: $pr) {\n      reviewThreads(first: 100, after: $after) {\n        pageInfo { hasNextPage endCursor }\n        nodes {\n          id\n          isResolved\n          isOutdated\n          path\n          line\n          comments(first: 20) {\n            nodes {\n              databaseId\n              body\n              author { login }\n            }\n          }\n        }\n      }\n    }\n  }\n}", "-f", "owner=acme", "-f", "repo=console", "-F", "pr=31", "-f", "after=CUR42"]
["api", "graphql", "-f", "query=\nquery($owner: String!, $repo: String!, $pr: Int!, $after: String) {\n  repository(owner: $owner, name: $repo) {\n    pullRequest(number: $pr) {\n      reviewThreads(first: 100, after: $after) {\n        pageInfo { hasNextPage endCursor }\n        nodes {\n          id\n          isResolved\n          isOutdated\n          path\n          line\n          comments(first: 20) {\n            nodes {\n              databaseId\n              body\n              author { login }\n            }\n          }\n        }\n      }\n    }\n  }\n}", "-f", "owner=acme", "-f", "repo=console", "-F", "pr=31", "-f", "after=CUR43"]
["api", "graphql", "-f", "query=\nquery($owner: String!, $repo: String!, $pr: Int!, $after: String) {\n  repository(owner: $owner, name: $repo) {\n    pullRequest(number: $pr) {\n      reviewThreads(first: 100, after: $after) {\n        pageInfo { hasNextPage endCursor }\n        nodes {\n          id\n          isResolved\n          isOutdated\n          path\n          line\n          comments(first: 20) {\n            nodes {\n              databaseId\n              body\n              author { login }\n            }\n          }\n        }\n      }\n    }\n  }\n}", "-f", "owner=acme", "-f", "repo=console", "-F", "pr=31", "-f", "after=CUR44"]
["api", "graphql", "-f", "query=\nquery($owner: String!, $repo: String!, $pr: Int!, $after: String) {\n  repository(owner: $owner, name: $repo) {\n    pullRequest(number: $pr) {\n      reviewThreads(first: 100, after: $after) {\n        pageInfo { hasNextPage endCursor }\n        nodes {\n          id\n          isResolved\n          isOutdated\n          path\n          line\n          comments(first: 20) {\n            nodes {\n              databaseId\n              body\n              author { login }\n            }\n          }\n        }\n      }\n    }\n  }\n}", "-f", "owner=acme", "-f", "repo=console", "-F", "pr=31", "-f", "after=CUR45"]
["api", "graphql", "-f", "query=\nquery($owner: String!, $repo: String!, $pr: Int!, $after: String) {\n  repository(owner: $owner, name: $repo) {\n    pullRequest(number: $pr) {\n      reviewThreads(first: 100, after: $after) {\n        pageInfo { hasNextPage endCursor }\n        nodes {\n          id\n          isResolved\n          isOutdated\n          path\n          line\n          comments(first: 20) {\n            nodes {\n              databaseId\n              body\n              author { login }\n            }\n          }\n        }\n      }\n    }\n  }\n}", "-f", "owner=acme", "-f", "repo=console", "-F", "pr=31", "-f", "after=CUR46"]
["api", "graphql", "-f", "query=\nquery($owner: String!, $repo: String!, $pr: Int!, $after: String) {\n  repository(owner: $owner, name: $repo) {\n    pullRequest(number: $pr) {\n      reviewThreads(first: 100, after: $after) {\n        pageInfo { hasNextPage endCursor }\n        nodes {\n          id\n          isResolved\n          isOutdated\n          path\n          line\n          comments(first: 20) {\n            nodes {\n              databaseId\n              body\n              author { login }\n            }\n          }\n        }\n      }\n    }\n  }\n}", "-f", "owner=acme", "-f", "repo=console", "-F", "pr=31", "-f", "after=CUR47"]
["api", "graphql", "-f", "query=\nquery($owner: String!, $repo: String!, $pr: Int!, $after: String) {\n  repository(owner: $owner, name: $repo) {\n    pullRequest(number: $pr) {\n      reviewThreads(first: 100, after: $after) {\n        pageInfo { hasNextPage endCursor }\n        nodes {\n          id\n          isResolved\n          isOutdated\n          path\n          line\n          comments(first: 20) {\n            nodes {\n              databaseId\n              body\n              author { login }\n            }\n          }\n        }\n      }\n    }\n  }\n}", "-f", "owner=acme", "-f", "repo=console", "-F", "pr=31", "-f", "after=CUR48"]
--- out file ---
<no file written>
