# twin .ci/scripts/quality/check-review-turn-capacity.sh blob c29a748594eee4b8e0d02d89cb8582f3568dc6de
exit: 1
--- stdout ---
--- stderr ---
[0;31m✗[0m check-review-turn-capacity: could not extract emit_review_turns() from <root>/.ci/scripts/review/claude-review-gate.sh (renamed? rewritten?). Refusing to pass while measuring nothing.
