# twin .ci/scripts/build/pack-cli-npm.sh blob d9231defb48d8d5b124492d1f43d41e74a5bc74a
exit: 1
--- stdout ---
other-name.tgz
--- stderr ---
cp: 'rediacc-cli-latest.tgz' and 'rediacc-cli-latest.tgz' are the same file
--- calls ---
call: npm pack --pack-destination out
cwd: packages/cli
--- tree ---
{
  "alias": "seeded:rediacc-cli-latest.tgz\n",
  "manifest": "{\n  \"name\": \"@rediacc/cli\",\n  \"version\": \"0.0.0-dev\",\n  \"private\": false\n}\n",
  "out_dir": [
    "other-name.tgz",
    "rediacc-cli-latest.tgz"
  ],
  "tmp_left": false
}
