# twin .ci/scripts/test/proxies/proxy-cli-manifest.sh blob 4a03d40be72f316608d1e2ade91cbb91bf1d7a6e
exit: 0
--- stdout ---
PASS: selftest toolchain present -> 0 (exit 0)
PASS: selftest toolchain removed from PATH -> 77 (exit 77)
PASS: selftest zero checks -> 1, never 0 (exit 1)
PASS: selftest zero declared requirements -> 2 (exit 2)
proxy-lib selftest: 4 case(s) passed
--- stderr ---
