# twin .ci/scripts/housekeeping/retry-failed-runs.sh blob e59a3222b8f31364af2de2bff17b416e12e72a94
exit: 0
--- stdout ---
--- stderr ---
→ Nightly retry: failed runs in acme/widget (last 48h)
✓ reran 1 (Cleanup PR Preview, was attempt 1)
✓ reran 2 (Cleanup PR Preview, was attempt 1)
⚠ hit RETRY_MAX_PER_RUN=2; the rest wait for tomorrow
✓ considered=3 excluded=0 too-old=0 attempt-capped=0 dead-head=0 retried=2
--- calls ---
api	repos/acme/widget/branches?per_page=100	--paginate	--jq	.[].commit.sha
api	repos/acme/widget/actions/runs?status=failure&per_page=100	--jq	[.workflow_runs[] | {id, name, path, head_sha, run_attempt, created_at}]
api	-X	POST	repos/acme/widget/actions/runs/1/rerun-failed-jobs
api	-X	POST	repos/acme/widget/actions/runs/2/rerun-failed-jobs
