# twin .ci/scripts/housekeeping/retry-failed-runs.sh blob e59a3222b8f31364af2de2bff17b416e12e72a94
exit: 0
--- stdout ---
--- stderr ---
→ Nightly retry: failed runs in acme/widget (last 48h)
✓ considered=1 excluded=1 too-old=0 attempt-capped=0 dead-head=0 retried=0
✓ nothing to retry -- on this repo's baseline that is the normal night
--- calls ---
api	repos/acme/widget/branches?per_page=100	--paginate	--jq	.[].commit.sha
api	repos/acme/widget/actions/runs?status=failure&per_page=100	--jq	[.workflow_runs[] | {id, name, path, head_sha, run_attempt, created_at}]
