# twin .ci/scripts/security/check-autopilot-workflow-invariants.sh blob 98d2acc3abe81dbdcf5fd5f4a94be0bab49c7478
exit: 1
--- stdout ---
--- stderr ---
✗ INVARIANT-FAIL: model-round-file-tools: the model round's permission allowlist omits "Edit"; the handoff contract requires the model to edit files and write handoff.json, and an allowlist denies everything unlisted (live proof: 21 denials across runs 31321211521/31326053280)
✗ autopilot workflow invariants FAILED (docs/ci-overhaul/03-v2-autonomy.md is the design source)
