# twin .ci/scripts/security/check-ci-workflow-invariants.sh blob 23c86d2113491f7e0d9ac4adaada5b9d885f21d8
exit: 1
--- stdout ---
--- stderr ---
✗ INVARIANT-FAIL: skip-release: job 'finalize-release-sentinel' still runs `dispatch-release.sh --decide-only`. The decision must be made ONCE, in initialize, and merely read here -- asking twice can answer differently if a label moves in between.
✗ ci workflow invariants FAILED
