# twin .ci/scripts/security/check-ci-workflow-invariants.sh blob 23c86d2113491f7e0d9ac4adaada5b9d885f21d8
exit: 1
--- stdout ---
--- stderr ---
✗ INVARIANT-FAIL: skip-release: job 'stage-artifacts' does not pass `skip_release` in its `with:`. upload-to-r2.sh's guard then never fires, and a bump-none commit advances cli/<channel>/manifest.json to a version that will never be tagged.
✗ ci workflow invariants FAILED
