# twin .ci/scripts/security/check-ci-workflow-invariants.sh blob 23c86d2113491f7e0d9ac4adaada5b9d885f21d8
exit: 1
--- stdout ---
--- stderr ---
✗ INVARIANT-FAIL: skip-release: job 'initialize' declares no `skip_release` output. The bump-none decision is made there and read by five consumers; without the output every one of them sees an empty string and RELEASES.
✗ ci workflow invariants FAILED
