# twin .ci/scripts/security/check-ci-workflow-invariants.sh blob 23c86d2113491f7e0d9ac4adaada5b9d885f21d8
exit: 1
--- stdout ---
--- stderr ---
✗ INVARIANT-FAIL: no-candidates: no job in <work>/wf.yml passes a channel-derived `docker_tag`, so this gate verified nothing. Retarget or remove it deliberately.
✗ ci workflow invariants FAILED
