# twin .ci/scripts/autopilot/update-state.sh blob 86b03e9eba69476079c0a1ca26711a02b532e21d
exit: 2
--- stdout ---
--- stderr ---
✗ usage: update-state.sh --pr <n> --repo <owner/name> [--comment-id <id>] --body <file> --state <s> --round <r> --rounds-max <n> --head <sha> --last-run <run> [--ledger <line>] [--verdict <file>] [--campaign <c>] [--model <id>] [--last-sig <s>] [--sig-count <n>]
--- gh calls ---
--- gh body ---
<no body>
