# twin .ci/scripts/autopilot/compose-prompt.sh blob 235192d87c71bb898d08ca755e3097c9f894be3e
exit: 0
--- stdout ---
--- stderr ---
✓ composed the review-response prompt (220 bytes) from round.md
--- out file ---
"You are the autopilot.\nRound template body.\n<autopilot_state>\n{\"decision\":\"fix\",\"note\":\"caf\u00e9\"}\n</autopilot_state>\n\n<failed_jobs>\n</failed_jobs>\n\n<review_payload>\n[{\"thread\":\"1\",\"body\":\"fix the thing\"}]\n</review_payload>\n"
--- github output ---
"prompt<<<DELIM>\nYou are the autopilot.\nRound template body.\n<autopilot_state>\n{\"decision\":\"fix\",\"note\":\"caf\u00e9\"}\n</autopilot_state>\n\n<failed_jobs>\n</failed_jobs>\n\n<review_payload>\n[{\"thread\":\"1\",\"body\":\"fix the thing\"}]\n</review_payload>\n<DELIM>\n"
