# twin .ci/scripts/private/run-account.sh blob 3eeb89c8fed218f5937e2cb90e2210e72e218c47
exit: 5
--- stdout ---
npm ci stdout
npm run test stdout
--- stderr ---
npm ci stderr
→ Running account tests...
npm run test stderr
--- calls ---
[
  "npm\t<root>/private/account\tci",
  "npm\t<root>/private/account\trun\ttest"
]
