# twin .ci/scripts/signal/create-complete.sh blob 6218aef1389e5fc463b126a27910b983342307ab
exit: 0
--- stdout ---
--- stderr ---
✓ Created completion signal: <outdir>/complete-e2e-ceph.txt (status: failure)
--- files ---
{
  "decoy": {},
  "out": {
    "complete-e2e-ceph.txt": "failure\n",
    "complete.txt": "failure\n"
  }
}
