# twin .ci/scripts/signal/create-complete.sh blob 6218aef1389e5fc463b126a27910b983342307ab
exit: 0
--- stdout ---
--- stderr ---
[0;32m✓[0m Created completion signal: <outdir>/complete-tty-case.txt (status: success)
--- files ---
{
  "decoy": {},
  "out": {
    "complete-tty-case.txt": "success\n",
    "complete.txt": "success\n"
  }
}
