# twin .ci/scripts/ci/cancel-older-runs.sh blob 59dcebb5dbcb23f3f71a6356c3b19e69270499c0
exit: 1
--- stdout ---
{}
--- stderr ---
→ Checking for older in-progress CI runs...
✓ Current run: #9 (branch: main, created: 2026-01-01T00:00:00Z)
✓ Found 1 older run(s) - force-cancelling...
✓ Force-cancelled run #50
sleep: invalid time interval 'zz'
Try 'sleep --help' for more information.
--- calls ---
FAKEGH| api repos/rediacc/console/actions/runs/9
FAKEGH| api repos/rediacc/console/actions/workflows/ci.yml/runs?status=in_progress&branch=main&per_page=10
FAKEGH| api -X POST repos/rediacc/console/actions/runs/5/force-cancel
