# twin .ci/scripts/security/shellcheck.sh blob bd92dcbb76ec0045ffcf3b0c134ff17ff2294284
exit: 1
--- stdout ---
info: Checking shell script compatibility
ShellCheck - fake
version: 9.99.0
info: Checking every tracked and untracked *.sh file
--- stderr ---
[0;31merror: no tracked *.sh files found: the enumerator is broken, not the tree clean[0m
--- calls ---

