# twin .ci/scripts/docker/create-manifest.sh blob b18c560bcfc37ac057d50b987187addf6573a51a
exit: 1
--- stdout ---
--- stderr ---
→ Creating multi-arch manifest for api:1
✓   Manifest: ghcr.io/rediacc/api:1
✓   Sources:  ghcr.io/rediacc/api:1-amd64 ghcr.io/rediacc/api:1-arm64
→ Creating manifest: ghcr.io/rediacc/api:1
<root>/<SELF>: line 134: docker: command not found
✗ Failed to create manifest: ghcr.io/rediacc/api:1
--- calls ---
