# twin .ci/scripts/security/check-commands.sh blob 89f759b8611b181b8d52d089060ce9ed590aee96
exit: 1
--- stdout ---
info: Checking shell scripts for CI-incompatible commands...
  Line: seq 1 10
  Fix:  bash: for ((i=1; i<=n; i++)) or awk

  Line: echo hi | tac
  Fix:  GNU only - use tail -r (BSD) or awk


info: These commands may not be available in ubuntu-slim or other minimal CI images
--- stderr ---
[0;31merror: .ci/x/bad.sh:2: 'seq' not available in minimal CI[0m
[0;31merror: .ci/x/bad.sh:3: 'tac' not available in minimal CI[0m
[0;31merror: Found 2 CI-incompatible command(s)[0m
