# twin .ci/scripts/autopilot/autopilot-gate.sh blob a0eb5eaa1794385f9b5e166b00d4f0099a7bac77
exit: 0
--- stdout ---
{"decision":"go","mode":"fix","reason":"ci-failure: run 4242 concluded failure","round":3,"push_allowed":false,"armed_by":"label","model":"claude-sonnet-5","rounds_max":25,"campaign":"open","dispatch_trusted":false,"sig":"8593dc22","sig_count":1}
--- stderr ---
--- calls ---
[]
