# twin .ci/scripts/ci/dispatch-watchdog.sh blob c8ca37cdeeadfc67b363eae6054040dec089ea5c
exit: 0
--- stdout ---
--- stderr ---
call: gh api repos/rediacc/console/actions/runs/5 --jq .head_branch // ""
call: gh api repos/rediacc/console --jq .default_branch
✓ Dispatched watchdog generation 1 for run 5 on the default branch (head-ref copy unavailable)
