# rediacc_ci allowlist golden
# reader: bash:.ci/scripts/lib/blocker-validator.sh::parse_blockered_list
# command: parse_blockered_list <corpus> A B '#'; for k in ${!B[@]}; printf '%s\t%s\n'; LC_ALL=C sort
# projection: pairs
# source: .plan-housekeeping-allowlist
# corpus: corpus/plan-housekeeping-allowlist.list
# comment-char: #
# corpus-sha256: fc748fed08da01191be9bdb9b6c41f4f2ab5b1e1561e5ed615d6308b8a48ef95
# ---
