# rediacc_ci allowlist golden
# reader: ts:scripts/lib/blocker-validator.ts::parseBlockeredList
# command: parseBlockeredList(<corpus>, '#'); printf '%s\t%s\t%s\n' line entry blocker
# projection: records
# source: .ci/config/directive-quotes-allowlist.txt
# corpus: corpus/ci-config-directive-quotes-allowlist.list
# comment-char: #
# corpus-sha256: 6bc70d0f76e2e6c5e4319789aa9922526926697e934d3095e2514137f7a42f66
# ---
