# rediacc_ci allowlist golden
# reader: ts:scripts/lib/blocker-validator.ts::parseBlockeredList
# command: parseBlockeredList(<corpus>, '#'); printf '%s\t%s\t%s\n' line entry blocker
# projection: records
# source: .e2e-coverage-allowlist
# corpus: corpus/e2e-coverage-allowlist.list
# comment-char: #
# corpus-sha256: 4fe2a4424935240a5d4014f4c14422e0feee91995949b919a4ea3882c21cdb98
# ---
19	backup_delete	legacy renet functions that predate the packages/e2e-tests suite and
20	backup_list	legacy renet functions that predate the packages/e2e-tests suite and
21	ceph_client_mount	legacy renet functions that predate the packages/e2e-tests suite and
22	ceph_client_unmount	legacy renet functions that predate the packages/e2e-tests suite and
23	ceph_clone_image	legacy renet functions that predate the packages/e2e-tests suite and
24	container_remove	legacy renet functions that predate the packages/e2e-tests suite and
25	repository_autostart_disable	legacy renet functions that predate the packages/e2e-tests suite and
26	repository_autostart_disable_all	legacy renet functions that predate the packages/e2e-tests suite and
27	repository_autostart_enable	legacy renet functions that predate the packages/e2e-tests suite and
28	repository_autostart_enable_all	legacy renet functions that predate the packages/e2e-tests suite and
29	repository_autostart_list	legacy renet functions that predate the packages/e2e-tests suite and
30	repository_cat	legacy renet functions that predate the packages/e2e-tests suite and
31	repository_commit_meta	legacy renet functions that predate the packages/e2e-tests suite and
32	repository_diff	legacy renet functions that predate the packages/e2e-tests suite and
33	repository_down_all	legacy renet functions that predate the packages/e2e-tests suite and
34	repository_ownership	legacy renet functions that predate the packages/e2e-tests suite and
35	repository_prune	legacy renet functions that predate the packages/e2e-tests suite and
36	repository_template_apply	legacy renet functions that predate the packages/e2e-tests suite and
37	repository_up_all	legacy renet functions that predate the packages/e2e-tests suite and
55	backup_restore	`backup restore` IS tested end to end, but not by a suite CI runs, and
70	machine_uninstall	machine_uninstall tears the renet install off a machine, so exercising
