# rediacc_ci allowlist golden
# reader: ts:scripts/lib/blocker-validator.ts::parseBlockeredList
# command: parseBlockeredList(<corpus>, '#'); printf '%s\t%s\t%s\n' line entry blocker
# projection: records
# source: .runner-advice-allowlist
# corpus: corpus/runner-advice-allowlist.list
# comment-char: #
# corpus-sha256: c03aeb4b23e113bd016ec6e9657cdc31f5937c682f656a6f9b3a5b81d01ecd6b
# ---
