# twin .ci/scripts/ci/derive-image-tag.sh blob 0a53801b98099cd3c88c9c952696f8368e17d2ed
exit: 1
--- stdout ---
--- stderr ---
✓ Using explicit version: éééééééééééééééééééééééééééééééééééééééééééééééééééééééééééééééééééééééééééééééééééééééééééééééééééééééééééééééééééééééééééééééééééééééééééééééééééééééééééééééééééééééééééééééééééééééééééééééééééééééé
✗ Invalid tag format: éééééééééééééééééééééééééééééééééééééééééééééééééééééééééééééééééééééééééééééééééééééééééééééééééééééééééééééééééééééééééééééééééééééééééééééééééééééééééééééééééééééééééééééééééééééééééééééééééééééééé
✗ Tags must contain only alphanumeric characters, dots, hyphens, and underscores
--- files ---
{}
