# twin .ci/scripts/ci/derive-image-tag.sh blob 0a53801b98099cd3c88c9c952696f8368e17d2ed
exit: 0
--- stdout ---
v1
--- stderr ---
✓ Using explicit version: v1
✓ Set GITHUB_OUTPUT: tag=v1
✓ Set GITHUB_ENV: TAG=v1, WEB_TAG=v1, RENET_TAG=v1
--- files ---
{"github_env": "TAG=v1\nWEB_TAG=v1\nRENET_TAG=v1\n", "github_output": "tag=v1\n"}
