# twin .ci/scripts/ci/derive-image-tag.sh blob 0a53801b98099cd3c88c9c952696f8368e17d2ed
exit: 1
--- stdout ---
--- stderr ---
[0;32m✓[0m Using explicit version: a b
[0;31m✗[0m Invalid tag format: a b
[0;31m✗[0m Tags must contain only alphanumeric characters, dots, hyphens, and underscores
--- files ---
{}
