# twin .ci/scripts/ci/derive-image-tag.sh blob 0a53801b98099cd3c88c9c952696f8368e17d2ed
exit: 0
--- stdout ---
latest
--- stderr ---
✓ Auto-derived from git tags (topic): latest
--- files ---
{"gitlog": "FAKEGIT| tag -l v*\nFAKEGIT| fetch --tags --force --no-recurse-submodules origin\nFAKEGIT| tag -l v* --sort=-v:refname\n"}
