# twin .ci/scripts/autopilot/submodule-prs.sh blob e613fefe9d8660a4e2f922e880edf40d24802edc
exit: 0
--- stdout ---


<!-- autopilot-submodule-prs:begin -->
**Submodule PRs**

- `private/renet` -> https://github.com/acme/renet/pull/DRY-RUN
<!-- autopilot-submodule-prs:end -->
--- stderr ---
✓ dry-run: would link 1 submodule PR(s) in acme/widget#31
--- gh calls ---
--- gh bodies ---
{}
