# twin .ci/scripts/autopilot/submodule-prs.sh blob e613fefe9d8660a4e2f922e880edf40d24802edc
exit: 0
--- stdout ---
--- stderr ---
✓ opened acme/renet PR for branch 0906-1: https://github.com/acme/renet/pull/77
✓ linked 1 submodule PR(s) in the acme/widget#31 body (the Submodule Branches gate reads them from there)
--- gh calls ---
pr	list	--repo	acme/renet	--head	0906-1	--state	open	--json	url	--jq	.[0].url // empty
pr	create	--repo	acme/renet	--head	0906-1	--base	main	--title	fix(renet): the thing	--body-file	<work>/body.txt
pr	view	31	--repo	acme/widget	--json	body	--jq	.body // ""
pr	edit	31	--repo	acme/widget	--body-file	<work>/body-new.md
--- gh bodies ---
{
  "body-new.md": "Operator text above.\nOperator text below.\n\n<!-- autopilot-submodule-prs:begin -->\n**Submodule PRs**\n\n- `private/renet` -> https://github.com/acme/renet/pull/77\n<!-- autopilot-submodule-prs:end -->\n",
  "body.txt": "Submodule change for acme/widget#31.\n\nOpened by the autopilot harness alongside the console PR; review there.\n"
}
