# twin .ci/scripts/autopilot/autopilot-push.sh blob e560c38956d694662edcc15b3b5f48c3bb23b63d
exit: 1
--- stdout ---
--- stderr ---
ESCALATE: denylist-github: .github/ci.yml - workflow-surface changes are never pushed by the harness; escalating with the proposed patch attached as data (03-v2-autonomy.md wall 2)
ESCALATE: undeclared-dirty: .github/ changed in the tree but is not declared in files[]
validate-handoff: handoff REJECTED - the harness must escalate, not push.
✗ handoff rejected; escalating (nothing staged, nothing pushed)
--- git calls ---
rev-parse	--abbrev-ref	HEAD
status	--porcelain=v1	-z
rev-parse	HEAD
--- gh calls ---
--- git state ---
{
  "console": {
    "branch": "work",
    "head": "d36ce653845de891a11327bdada5192925f9bbbf",
    "status": "?? .github/\n?? handoff.json"
  },
  "console.git": {
    "refs": ""
  }
}
