# twin .ci/scripts/autopilot/autopilot-push.sh blob e560c38956d694662edcc15b3b5f48c3bb23b63d
exit: 1
--- stdout ---
--- stderr ---
ESCALATE: base-head-mismatch: handoff built against 0000000000000000000000000000000000000000, harness checked out d36ce653845de891a11327bdada5192925f9bbbf
validate-handoff: handoff REJECTED - the harness must escalate, not push.
✗ handoff rejected; escalating (nothing staged, nothing pushed)
--- git calls ---
rev-parse	--abbrev-ref	HEAD
status	--porcelain=v1	-z
rev-parse	HEAD
--- gh calls ---
--- git state ---
{
  "console": {
    "branch": "work",
    "head": "d36ce653845de891a11327bdada5192925f9bbbf",
    "status": "?? handoff.json\n?? src.txt"
  },
  "console.git": {
    "refs": ""
  }
}
