# twin .ci/scripts/autopilot/autopilot-push.sh blob e560c38956d694662edcc15b3b5f48c3bb23b63d
exit: 1
--- stdout ---
exfil-tripwire quiet: 1 file(s), 178 diff bytes, 3 out-of-scope added bytes, 0 implicated prefix(es).
exfil-tripwire quiet: 1 file(s), 245 diff bytes, 58 out-of-scope added bytes, 0 implicated prefix(es).
--- stderr ---
✓ gitlink verified: private/renet -> f814f54cf5a4616b80ece1024e853fa8f73c502d
✓ all repos validated; nothing has been pushed yet
fatal: '<sandbox>/gone.git' does not appear to be a git repository
fatal: Could not read from remote repository.

Please make sure you have the correct access rights
and the repository exists.
✗ submodule-push-failed: 'private/renet' push failed for a reason that is not a non-fast-forward; refusing to guess
--- git calls ---
rev-parse	--abbrev-ref	HEAD
status	--porcelain=v1	-z
rev-parse	HEAD
-C	<sandbox>/console/private/renet	rev-parse	--show-toplevel
-C	<sandbox>/console/private/renet	rev-parse	--abbrev-ref	HEAD
-C	<sandbox>/console/private/renet	show-ref	--verify	--quiet	refs/heads/work
-C	<sandbox>/console/private/renet	checkout	-q	-b	work
-C	<sandbox>/console/private/renet	rev-parse	HEAD
-C	<sandbox>/console/private/renet	ls-files	--error-unmatch	--	main.go
-C	<sandbox>/console/private/renet	add	--	main.go
-C	<sandbox>/console/private/renet	diff	--cached	--name-only
-C	<sandbox>/console/private/renet	diff	--cached	--src-prefix=a/private/renet/	--dst-prefix=b/private/renet/
-C	<sandbox>/console/private/renet	-c	user.name=Autopilot Operator	-c	user.email=operator@example.invalid	commit	-F	<work>/sub-msg.txt	--quiet
-C	<sandbox>/console/private/renet	rev-parse	HEAD
-C	<sandbox>/console/private/renet	merge-base	--is-ancestor	9c2e1ec4aa2994a5503f57c92213d4a4244d181c	f814f54cf5a4616b80ece1024e853fa8f73c502d
add	--	private/renet
diff	--cached	--name-only
ls-files	-s	--	private/renet
diff	--cached
-C	<sandbox>/console/private/renet	push	origin	f814f54cf5a4616b80ece1024e853fa8f73c502d:refs/heads/work
--- gh calls ---
--- git state ---
{
  "console": {
    "branch": "work",
    "head": "18d324309f358efb4e98af4de1926febf0ff3ea5",
    "status": "M  private/renet\n?? handoff.json"
  },
  "console.git": {
    "refs": ""
  },
  "console/private/renet": {
    "branch": "work",
    "head": "f814f54cf5a4616b80ece1024e853fa8f73c502d",
    "status": ""
  }
}
