# twin .ci/scripts/autopilot/autopilot-push.sh blob e560c38956d694662edcc15b3b5f48c3bb23b63d
exit: 0
--- stdout ---
exfil-tripwire quiet: 1 file(s), 184 diff bytes, 9 out-of-scope added bytes, 0 implicated prefix(es).
exfil-tripwire quiet: 1 file(s), 245 diff bytes, 58 out-of-scope added bytes, 0 implicated prefix(es).
d004f41d5b6b390820647289b2b7d544685b96a2
--- stderr ---
✓ gitlink verified: private/renet -> c7f3012ab6c3180c773010e15de114cdf4f88a3a
✓ all repos validated; nothing has been pushed yet
✓ pushed c7f3012ab6c3180c773010e15de114cdf4f88a3a to origin refs/heads/work in 'private/renet'
To <sandbox>/console.git
 * [new branch]      d004f41d5b6b390820647289b2b7d544685b96a2 -> work
✓ pushed d004f41d5b6b390820647289b2b7d544685b96a2 to origin refs/heads/work
--- git calls ---
rev-parse	--abbrev-ref	HEAD
status	--porcelain=v1	-z
rev-parse	HEAD
-C	<sandbox>/console/private/renet	rev-parse	--show-toplevel
-C	<sandbox>/console/private/renet	rev-parse	--abbrev-ref	HEAD
-C	<sandbox>/console/private/renet	show-ref	--verify	--quiet	refs/heads/work
-C	<sandbox>/console/private/renet	checkout	-q	-b	work
-C	<sandbox>/console/private/renet	rev-parse	HEAD
-C	<sandbox>/console/private/renet	ls-files	--error-unmatch	--	main.go
-C	<sandbox>/console/private/renet	add	--	main.go
-C	<sandbox>/console/private/renet	diff	--cached	--name-only
-C	<sandbox>/console/private/renet	diff	--cached	--src-prefix=a/private/renet/	--dst-prefix=b/private/renet/
-C	<sandbox>/console/private/renet	-c	user.name=Autopilot Operator	-c	user.email=operator@example.invalid	commit	-F	<work>/sub-msg.txt	--quiet
-C	<sandbox>/console/private/renet	rev-parse	HEAD
-C	<sandbox>/console/private/renet	merge-base	--is-ancestor	9c2e1ec4aa2994a5503f57c92213d4a4244d181c	c7f3012ab6c3180c773010e15de114cdf4f88a3a
add	--	private/renet
diff	--cached	--name-only
ls-files	-s	--	private/renet
diff	--cached
-C	<sandbox>/console/private/renet	push	origin	c7f3012ab6c3180c773010e15de114cdf4f88a3a:refs/heads/work
-c	user.name=Autopilot Operator	-c	user.email=operator@example.invalid	commit	-F	<work>/msg.txt	--quiet
rev-parse	HEAD
push	origin	d004f41d5b6b390820647289b2b7d544685b96a2:refs/heads/work
--- gh calls ---
--- git state ---
{
  "console": {
    "branch": "work",
    "head": "d004f41d5b6b390820647289b2b7d544685b96a2",
    "status": "?? handoff.json"
  },
  "console.git": {
    "refs": "refs/heads/work d004f41d5b6b390820647289b2b7d544685b96a2"
  },
  "console/private/renet": {
    "branch": "work",
    "head": "c7f3012ab6c3180c773010e15de114cdf4f88a3a",
    "status": ""
  },
  "renet.git": {
    "refs": "refs/heads/main 9c2e1ec4aa2994a5503f57c92213d4a4244d181c\nrefs/heads/work c7f3012ab6c3180c773010e15de114cdf4f88a3a"
  }
}
