# twin .ci/scripts/autopilot/autopilot-push.sh blob e560c38956d694662edcc15b3b5f48c3bb23b63d
exit: 1
--- stdout ---
--- stderr ---
ESCALATE: path-not-dirty: private/renet declared but git status shows no change to it
ESCALATE: submodule-gitlink-undeclared: private/renet has submodule changes but the gitlink 'private/renet' is not in the top-level files[]; the pointer advance is a console change and must be declared like one
validate-handoff: handoff REJECTED - the harness must escalate, not push.
✗ handoff rejected; escalating (nothing staged, nothing pushed)
--- git calls ---
rev-parse	--abbrev-ref	HEAD
status	--porcelain=v1	-z
rev-parse	HEAD
--- gh calls ---
--- git state ---
{
  "console": {
    "branch": "work",
    "head": "18d324309f358efb4e98af4de1926febf0ff3ea5",
    "status": "?? handoff.json"
  },
  "console.git": {
    "refs": ""
  },
  "renet.git": {
    "refs": "refs/heads/main 9c2e1ec4aa2994a5503f57c92213d4a4244d181c"
  }
}
