# twin .ci/scripts/autopilot/autopilot-push.sh blob e560c38956d694662edcc15b3b5f48c3bb23b63d
exit: 1
--- stdout ---
--- stderr ---
/home/developer/console/.ci/scripts/autopilot/autopilot-push.sh: line 119: <sandbox>/nodir/v.json: No such file or directory
--- git calls ---
rev-parse	--abbrev-ref	HEAD
status	--porcelain=v1	-z
rev-parse	HEAD
--- gh calls ---
--- git state ---
{
  "console": {
    "branch": "work",
    "head": "d36ce653845de891a11327bdada5192925f9bbbf",
    "status": "A  src.txt\n?? handoff.json"
  },
  "console.git": {
    "refs": ""
  }
}
