# twin .ci/scripts/autopilot/autopilot-push.sh blob e560c38956d694662edcc15b3b5f48c3bb23b63d
exit: 1
--- stdout ---
--- stderr ---
ESCALATE: submodules-disabled: handoff.submodules: 1 submodule change(s) declared while AUTOPILOT_ALLOW_SUBMODULES is not 'true'; refusing the whole round rather than pushing the console half of it
validate-handoff: handoff REJECTED - the harness must escalate, not push.
✗ handoff rejected; escalating (nothing staged, nothing pushed)
--- git calls ---
rev-parse	--abbrev-ref	HEAD
status	--porcelain=v1	-z
rev-parse	HEAD
--- gh calls ---
--- git state ---
{
  "console": {
    "branch": "work",
    "head": "18d324309f358efb4e98af4de1926febf0ff3ea5",
    "status": "M private/renet\n?? handoff.json"
  },
  "console.git": {
    "refs": ""
  },
  "console/private/renet": {
    "branch": "main",
    "head": "9c2e1ec4aa2994a5503f57c92213d4a4244d181c",
    "status": "M main.go"
  },
  "renet.git": {
    "refs": "refs/heads/main 9c2e1ec4aa2994a5503f57c92213d4a4244d181c"
  }
}
