# twin .ci/scripts/autopilot/autopilot-push.sh blob e560c38956d694662edcc15b3b5f48c3bb23b63d
exit: 1
--- stdout ---
--- stderr ---
✗ Required environment variable 'AUTOPILOT_GIT_NAME' is not set
--- git calls ---
--- gh calls ---
--- git state ---
{
  "console": {
    "branch": "work",
    "head": "d36ce653845de891a11327bdada5192925f9bbbf",
    "status": "A  src.txt\n?? handoff.json"
  },
  "console.git": {
    "refs": ""
  }
}
