# twin .ci/scripts/autopilot/review-reply.sh blob f3a9f6676f7027d2acc3fa53d311fb0fe33107db
exit: 1
--- stdout ---
--- stderr ---
✓ replied and resolved thread T_acme1 in acme/console
✗ review-reply apply: thread id 'bad id' does not match the id shape; refusing
--- calls ---
[
  [
    "api",
    "graphql",
    "-f",
    "query=\nmutation($threadId: ID!, $body: String!) {\n  addPullRequestReviewThreadReply(input: {pullRequestReviewThreadId: $threadId, body: $body}) {\n    comment { id }\n  }\n}",
    "-f",
    "threadId=T_acme1",
    "-f",
    "body=a"
  ],
  [
    "api",
    "graphql",
    "-f",
    "query=\nmutation($threadId: ID!) {\n  resolveReviewThread(input: {threadId: $threadId}) {\n    thread { id isResolved }\n  }\n}",
    "-f",
    "threadId=T_acme1"
  ]
]
--- plan-file ---
null
