# twin .ci/scripts/autopilot/review-reply.sh blob f3a9f6676f7027d2acc3fa53d311fb0fe33107db
exit: 0
--- stdout ---
{"replies":[],"skipped":[{"entry":"T_acme1","reason":"unknown-thread"}],"flagged":true}
--- stderr ---
⚠ review-reply plan: 1 disposition(s) name no thread in this round's payload and were skipped:
    - unknown-thread: T_acme1
✓ review-reply plan: 0 reply/resolve pair(s) planned
--- calls ---
[]
--- plan-file ---
null
